("")
("abcdevghi")
("abc123dev123ghi")
("** deletechars **")
("123")
("1a2b3c")
("")
("")
("** filterchars **")
("abc")
("")
("")
("")
("** crypt  -  disabled **")
("** tolower **")
("abcdef")
("** find et.al. **")
(4)
(-1)
(4)
(nil)
(3)
(nil)
(2)
(nil)
(5)
(nil)
("** regex **")
(true)
(true)
(true)
(true)
(true)
(true)
(true)
(true)
(true)
(true)
(true)
(true)
(true)
(true)
(true)
(true)
(true)
("** sformat **")
("five is greater % than 3")
("** conversions **")
("63.0000")
("0.1235")
("0x1f")
("0x001f")
